[    0.000000] Linux version 4.15.0-208-generic (buildd@lcy02-amd64-015) (gcc version 7.5.0 (Ubuntu 7.5.0-3ubuntu1~18.04)) #220-Ubuntu SMP Mon Mar 20 14:27:01 UTC 2023 (Ubuntu 4.15.0-208.220-generic 4.15.18)
[    0.000000] Command line: BOOT_IMAGE=/boot/vmlinuz-4.15.0-208-generic root=LABEL=cloudimg-rootfs ro console=tty1 console=ttyS0
[    0.000000] KERNEL supported cpus:
[    0.000000]   Intel GenuineIntel
[    0.000000]   AMD AuthenticAMD
[    0.000000]   Centaur CentaurHauls
[    0.000000] x86/fpu: Supporting XSAVE feature 0x001: 'x87 floating point registers'
[    0.000000] x86/fpu: Supporting XSAVE feature 0x002: 'SSE registers'
[    0.000000] x86/fpu: Supporting XSAVE feature 0x004: 'AVX registers'
[    0.000000] x86/fpu: xstate_offset[2]:  576, xstate_sizes[2]:  256
[    0.000000] x86/fpu: Enabled xstate features 0x7, context size is 832 bytes, using 'standard' format.
[    0.000000] e820: BIOS-provided physical RAM map:
[    0.000000] BIOS-e820: [mem 0x0000000000000000-0x000000000009fbff] usable
[    0.000000] BIOS-e820: [mem 0x000000000009fc00-0x000000000009ffff] reserved
[    0.000000] BIOS-e820: [mem 0x00000000000f0000-0x00000000000fffff] reserved
[    0.000000] BIOS-e820: [mem 0x0000000000100000-0x000000003ffeffff] usable
[    0.000000] BIOS-e820: [mem 0x000000003fff0000-0x000000003fffffff] ACPI data
[    0.000000] BIOS-e820: [mem 0x00000000fec00000-0x00000000fec00fff] reserved
[    0.000000] BIOS-e820: [mem 0x00000000fee00000-0x00000000fee00fff] reserved
[    0.000000] BIOS-e820: [mem 0x00000000fffc0000-0x00000000ffffffff] reserved
[    0.000000] NX (Execute Disable) protection: active
[    0.000000] SMBIOS 2.5 present.
[    0.000000] DMI: innotek GmbH VirtualBox/VirtualBox, BIOS VirtualBox 12/01/2006
[    0.000000] Hypervisor detected: KVM
[    0.000000] e820: last_pfn = 0x3fff0 max_arch_pfn = 0x400000000
[    0.000000] MTRR: Disabled
[    0.000000] x86/PAT: MTRRs disabled, skipping PAT initialization too.
[    0.000000] CPU MTRRs all blank - virtualized system.
[    0.000000] x86/PAT: Configuration [0-7]: WB  WT  UC- UC  WB  WT  UC- UC  
[    0.000000] found SMP MP-table at [mem 0x0009fff0-0x0009ffff]
[    0.000000] Scanning 1 areas for low memory corruption
[    0.000000] RAMDISK: [mem 0x359c9000-0x36cdbfff]
[    0.000000] ACPI: Early table checksum verification disabled
[    0.000000] ACPI: RSDP 0x00000000000E0000 000024 (v02 VBOX  )
[    0.000000] ACPI: XSDT 0x000000003FFF0030 00003C (v01 VBOX   VBOXXSDT 00000001 ASL  00000061)
[    0.000000] ACPI: FACP 0x000000003FFF00F0 0000F4 (v04 VBOX   VBOXFACP 00000001 ASL  00000061)
[    0.000000] ACPI: DSDT 0x000000003FFF0610 002353 (v02 VBOX   VBOXBIOS 00000002 INTL 20100528)
[    0.000000] ACPI: FACS 0x000000003FFF0200 000040
[    0.000000] ACPI: FACS 0x000000003FFF0200 000040
[    0.000000] ACPI: APIC 0x000000003FFF0240 00005C (v02 VBOX   VBOXAPIC 00000001 ASL  00000061)
[    0.000000] ACPI: SSDT 0x000000003FFF02A0 00036C (v01 VBOX   VBOXCPUT 00000002 INTL 20100528)
[    0.000000] ACPI: Reserving FACP table memory at [mem 0x3fff00f0-0x3fff01e3]
[    0.000000] ACPI: Reserving DSDT table memory at [mem 0x3fff0610-0x3fff2962]
[    0.000000] ACPI: Reserving FACS table memory at [mem 0x3fff0200-0x3fff023f]
[    0.000000] ACPI: Reserving FACS table memory at [mem 0x3fff0200-0x3fff023f]
[    0.000000] ACPI: Reserving APIC table memory at [mem 0x3fff0240-0x3fff029b]
[    0.000000] ACPI: Reserving SSDT table memory at [mem 0x3fff02a0-0x3fff060b]
[    0.000000] No NUMA configuration found
[    0.000000] Faking a node at [mem 0x0000000000000000-0x000000003ffeffff]
[    0.000000] NODE_DATA(0) allocated [mem 0x3ffc5000-0x3ffeffff]
[    0.000000] kvm-clock: cpu 0, msr 0:3ff44001, primary cpu clock
[    0.000000] kvm-clock: Using msrs 4b564d01 and 4b564d00
[    0.000000] kvm-clock: using sched offset of 3124618566 cycles
[    0.000000] clocksource: kvm-clock: mask: 0xffffffffffffffff max_cycles: 0x1cd42e4dffb, max_idle_ns: 881590591483 ns
[    0.000000] Zone ranges:
[    0.000000]   DMA      [mem 0x0000000000001000-0x0000000000ffffff]
[    0.000000]   DMA32    [mem 0x0000000001000000-0x000000003ffeffff]
[    0.000000]   Normal   empty
[    0.000000]   Device   empty
[    0.000000] Movable zone start for each node
[    0.000000] Early memory node ranges
[    0.000000]   node   0: [mem 0x0000000000001000-0x000000000009efff]
[    0.000000]   node   0: [mem 0x0000000000100000-0x000000003ffeffff]
[    0.000000] Reserved but unavailable: 104 pages
[    0.000000] Initmem setup node 0 [mem 0x0000000000001000-0x000000003ffeffff]
[    0.000000] ACPI: PM-Timer IO Port: 0x4008
[    0.000000] IOAPIC[0]: apic_id 2, version 32, address 0xfec00000, GSI 0-23
[    0.000000] ACPI: INT_SRC_OVR (bus 0 bus_irq 0 global_irq 2 dfl dfl)
[    0.000000] ACPI: INT_SRC_OVR (bus 0 bus_irq 9 global_irq 9 low level)
[    0.000000] Using ACPI (MADT) for SMP configuration information
[    0.000000] smpboot: Allowing 2 CPUs, 0 hotplug CPUs
[    0.000000] PM: Registered nosave memory: [mem 0x00000000-0x00000fff]
[    0.000000] PM: Registered nosave memory: [mem 0x0009f000-0x0009ffff]
[    0.000000] PM: Registered nosave memory: [mem 0x000a0000-0x000effff]
[    0.000000] PM: Registered nosave memory: [mem 0x000f0000-0x000fffff]
[    0.000000] e820: [mem 0x40000000-0xfebfffff] available for PCI devices
[    0.000000] Booting paravirtualized kernel on KVM
[    0.000000] clocksource: refined-jiffies: mask: 0xffffffff max_cycles: 0xffffffff, max_idle_ns: 7645519600211568 ns
[    0.000000] setup_percpu: NR_CPUS:8192 nr_cpumask_bits:2 nr_cpu_ids:2 nr_node_ids:1
[    0.000000] percpu: Embedded 50 pages/cpu s167936 r8192 d28672 u1048576
[    0.000000] PV qspinlock hash table entries: 256 (order: 0, 4096 bytes)
[    0.000000] Built 1 zonelists, mobility grouping on.  Total pages: 257913
[    0.000000] Policy zone: DMA32
[    0.000000] Kernel command line: BOOT_IMAGE=/boot/vmlinuz-4.15.0-208-generic root=LABEL=cloudimg-rootfs ro console=tty1 console=ttyS0
[    0.000000] Memory: 982640K/1048120K available (12300K kernel code, 2477K rwdata, 4324K rodata, 2480K init, 2720K bss, 65480K reserved, 0K cma-reserved)
[    0.000000] SLUB: HWalign=64, Order=0-3, MinObjects=0, CPUs=2, Nodes=1
[    0.000000] ftrace: allocating 39494 entries in 155 pages
[    0.004000] Hierarchical RCU implementation.
[    0.004000] 	RCU restricting CPUs from NR_CPUS=8192 to nr_cpu_ids=2.
[    0.004000] 	Tasks RCU enabled.
[    0.004000] RCU: Adjusting geometry for rcu_fanout_leaf=16, nr_cpu_ids=2
[    0.004000] NR_IRQS: 524544, nr_irqs: 440, preallocated irqs: 16
[    0.004000] random: crng init done
[    0.004000] Console: colour VGA+ 80x25
[    0.004000] console [tty1] enabled
[    0.004000] console [ttyS0] enabled
[    0.004000] ACPI: Core revision 20170831
[    0.004000] ACPI: 2 ACPI AML tables successfully acquired and loaded
[    0.004000] APIC: Switch to symmetric I/O mode setup
[    0.004000] x2apic enabled
[    0.004000] Switched APIC routing to physical x2apic.
[    0.004000] ..TIMER: vector=0x30 apic1=0 pin1=2 apic2=-1 pin2=-1
[    0.004000] tsc: Detected 3791.996 MHz processor
[    0.004000] Calibrating delay loop (skipped) preset value.. 7583.99 BogoMIPS (lpj=15167984)
[    0.004005] pid_max: default: 32768 minimum: 301
[    0.004565] Security Framework initialized
[    0.005049] Yama: becoming mindful.
[    0.005478] AppArmor: AppArmor initialized
[    0.008014] Dentry cache hash table entries: 131072 (order: 8, 1048576 bytes)
[    0.008914] Inode-cache hash table entries: 65536 (order: 7, 524288 bytes)
[    0.009699] Mount-cache hash table entries: 2048 (order: 2, 16384 bytes)
[    0.012006] Mountpoint-cache hash table entries: 2048 (order: 2, 16384 bytes)
[    0.012975] Last level iTLB entries: 4KB 64, 2MB 8, 4MB 8
[    0.013594] Last level dTLB entries: 4KB 64, 2MB 0, 4MB 0, 1GB 4
[    0.014272] Spectre V1 : Mitigation: usercopy/swapgs barriers and __user pointer sanitization
[    0.015230] Spectre V2 : Mitigation: Retpolines
[    0.016002] Spectre V2 : Spectre v2 / SpectreRSB mitigation: Filling RSB on context switch
[    0.016920] Spectre V2 : Spectre v2 / SpectreRSB : Filling RSB on VMEXIT
[    0.017678] RETBleed: WARNING: Spectre v2 mitigation leaves CPU vulnerable to RETBleed attacks, data leaks possible!
[    0.018840] RETBleed: Vulnerable
[    0.019234] Speculative Store Bypass: Vulnerable
[    0.019810] MMIO Stale Data: Vulnerable: Clear CPU buffers attempted, no microcode
[    0.020006] SRBDS: Unknown: Dependent on hypervisor status
[    0.020748] Freeing SMP alternatives memory: 36K
[    0.130455] APIC calibration not consistent with PM-Timer: 102ms instead of 100ms
[    0.131359] APIC delta adjusted to PM-Timer: 6288817 (6433075)
[    0.132045] smpboot: CPU0: Intel(R) Core(TM) i7-10700K CPU @ 3.80GHz (family: 0x6, model: 0xa5, stepping: 0x5)
[    0.133241] Performance Events: unsupported p6 CPU model 165 no PMU driver, software events only.
[    0.134264] Hierarchical SRCU implementation.
[    0.135157] NMI watchdog: Perf event create on CPU 0 failed with -2
[    0.135863] NMI watchdog: Perf NMI watchdog permanently disabled
[    0.136033] smp: Bringing up secondary CPUs ...
[    0.136615] x86: Booting SMP configuration:
[    0.137098] .... node  #0, CPUs:      #1
[    0.004000] kvm-clock: cpu 1, msr 0:3ff44041, secondary cpu clock
[    0.140022] smp: Brought up 1 node, 2 CPUs
[    0.140512] smpboot: Max logical packages: 1
[    0.141037] smpboot: Total of 2 processors activated (15167.98 BogoMIPS)
[    0.141905] devtmpfs: initialized
[    0.141905] x86/mm: Memory block size: 128MB
[    0.141905] evm: security.selinux
[    0.144005] evm: security.SMACK64
[    0.144409] evm: security.SMACK64EXEC
[    0.144853] evm: security.SMACK64TRANSMUTE
[    0.145333] evm: security.SMACK64MMAP
[    0.145770] evm: security.apparmor
[    0.146189] evm: security.ima
[    0.146561] evm: security.capability
[    0.147019] clocksource: jiffies: mask: 0xffffffff max_cycles: 0xffffffff, max_idle_ns: 7645041785100000 ns
[    0.148007] futex hash table entries: 512 (order: 3, 32768 bytes)
[    0.148757] pinctrl core: initialized pinctrl subsystem
[    0.152064] RTC time: 19:00:55, date: 04/05/23
[    0.152715] NET: Registered protocol family 16
[    0.153331] audit: initializing netlink subsys (disabled)
[    0.154001] audit: type=2000 audit(1680721259.609:1): state=initialized audit_enabled=0 res=1
[    0.156010] cpuidle: using governor ladder
[    0.156505] cpuidle: using governor menu
[    0.157010] ACPI: bus type PCI registered
[    0.157486] acpiphp: ACPI Hot Plug PCI Controller Driver version: 0.5
[    0.158268] PCI: Using configuration type 1 for base access
[    0.160202] HugeTLB registered 2.00 MiB page size, pre-allocated 0 pages
[    0.160800] ACPI: Added _OSI(Module Device)
[    0.160800] ACPI: Added _OSI(Processor Device)
[    0.161113] ACPI: Added _OSI(3.0 _SCP Extensions)
[    0.161672] ACPI: Added _OSI(Processor Aggregator Device)
[    0.162307] ACPI: Added _OSI(Linux-Dell-Video)
[    0.164003] ACPI: Added _OSI(Linux-Lenovo-NV-HDMI-Audio)
[    0.164860] ACPI: Added _OSI(Linux-HPI-Hybrid-Graphics)
[    0.165663] ACPI: Executed 1 blocks of module-level executable AML code
[    0.168690] ACPI: Interpreter enabled
[    0.169235] ACPI: (supports S0 S5)
[    0.169663] ACPI: Using IOAPIC for interrupt routing
[    0.170429] PCI: Using host bridge windows from ACPI; if necessary, use "pci=nocrs" and report a bug
[    0.171676] ACPI: Enabled 2 GPEs in block 00 to 07
[    0.175971] ACPI: PCI Root Bridge [PCI0] (domain 0000 [bus 00-ff])
[    0.176007] acpi PNP0A03:00: _OSC: OS supports [ASPM ClockPM Segments MSI]
[    0.177122] acpi PNP0A03:00: _OSC: not requesting OS control; OS requires [ExtendedConfig ASPM ClockPM MSI]
[    0.178259] acpi PNP0A03:00: fail to add MMCONFIG information, can't access extended PCI configuration space under this bridge.
[    0.180293] PCI host bridge to bus 0000:00
[    0.180791] pci_bus 0000:00: root bus resource [io  0x0000-0x0cf7 window]
[    0.181551] pci_bus 0000:00: root bus resource [io  0x0d00-0xffff window]
[    0.182329] pci_bus 0000:00: root bus resource [mem 0x000a0000-0x000bffff window]
[    0.184003] pci_bus 0000:00: root bus resource [mem 0x40000000-0xfdffffff window]
[    0.184915] pci_bus 0000:00: root bus resource [bus 00-ff]
[    0.186885] pci 0000:00:01.1: legacy IDE quirk: reg 0x10: [io  0x01f0-0x01f7]
[    0.187700] pci 0000:00:01.1: legacy IDE quirk: reg 0x14: [io  0x03f6]
[    0.188002] pci 0000:00:01.1: legacy IDE quirk: reg 0x18: [io  0x0170-0x0177]
[    0.188809] pci 0000:00:01.1: legacy IDE quirk: reg 0x1c: [io  0x0376]
[    0.198344] pci 0000:00:07.0: quirk: [io  0x4000-0x403f] claimed by PIIX4 ACPI
[    0.199234] pci 0000:00:07.0: quirk: [io  0x4100-0x410f] claimed by PIIX4 SMB
[    0.203095] ACPI: PCI Interrupt Link [LNKA] (IRQs 5 9 10 *11)
[    0.204067] ACPI: PCI Interrupt Link [LNKB] (IRQs 5 9 *10 11)
[    0.204827] ACPI: PCI Interrupt Link [LNKC] (IRQs 5 *9 10 11)
[    0.205573] ACPI: PCI Interrupt Link [LNKD] (IRQs 5 9 10 *11)
[    0.206493] SCSI subsystem initialized
[    0.206980] pci 0000:00:02.0: vgaarb: setting as boot VGA device
[    0.206980] pci 0000:00:02.0: vgaarb: VGA device added: decodes=io+mem,owns=io+mem,locks=none
[    0.208008] pci 0000:00:02.0: vgaarb: bridge control possible
[    0.208657] vgaarb: loaded
[    0.209016] ACPI: bus type USB registered
[    0.209512] usbcore: registered new interface driver usbfs
[    0.210144] usbcore: registered new interface driver hub
[    0.210757] usbcore: registered new device driver usb
[    0.212020] EDAC MC: Ver: 3.0.0
[    0.212585] PCI: Using ACPI for IRQ routing
[    0.212685] NetLabel: Initializing
[    0.213097] NetLabel:  domain hash size = 128
[    0.213603] NetLabel:  protocols = UNLABELED CIPSOv4 CALIPSO
[    0.214265] NetLabel:  unlabeled traffic allowed by default
[    0.214909] clocksource: Switched to clocksource kvm-clock
[    0.230424] VFS: Disk quotas dquot_6.6.0
[    0.230959] VFS: Dquot-cache hash table entries: 512 (order 0, 4096 bytes)
[    0.231801] AppArmor: AppArmor Filesystem Enabled
[    0.232401] pnp: PnP ACPI init
[    0.233478] pnp: PnP ACPI: found 3 devices
[    0.241386] clocksource: acpi_pm: mask: 0xffffff max_cycles: 0xffffff, max_idle_ns: 2085701024 ns
[    0.242464] NET: Registered protocol family 2
[    0.243012] IP idents hash table entries: 16384 (order: 5, 131072 bytes)
[    0.247887] TCP established hash table entries: 8192 (order: 4, 65536 bytes)
[    0.248733] TCP bind hash table entries: 8192 (order: 5, 131072 bytes)
[    0.249490] TCP: Hash tables configured (established 8192 bind 8192)
[    0.250230] UDP hash table entries: 512 (order: 2, 16384 bytes)
[    0.250925] UDP-Lite hash table entries: 512 (order: 2, 16384 bytes)
[    0.251667] NET: Registered protocol family 1
[    0.252211] pci 0000:00:00.0: Limiting direct PCI/PCI transfers
[    0.252909] pci 0000:00:01.0: Activating ISA DMA hang workarounds
[    0.253637] pci 0000:00:02.0: Video device with shadowed ROM at [mem 0x000c0000-0x000dffff]
[    0.254648] Unpacking initramfs...
[    0.539569] Freeing initrd memory: 19532K
[    0.540343] clocksource: tsc: mask: 0xffffffffffffffff max_cycles: 0x6d519f0e7d5, max_idle_ns: 881590952871 ns
[    0.541470] platform rtc_cmos: registered platform RTC device (no PNP device found)
[    0.542376] Scanning for low memory corruption every 60 seconds
[    0.543483] Initialise system trusted keyrings
[    0.544011] Key type blacklist registered
[    0.544585] workingset: timestamp_bits=36 max_order=18 bucket_order=0
[    0.545879] zbud: loaded
[    0.546526] squashfs: version 4.0 (2009/01/31) Phillip Lougher
[    0.547306] fuse init (API version 7.26)
[    0.549005] Key type asymmetric registered
[    0.549718] Asymmetric key parser 'x509' registered
[    0.550448] Block layer SCSI generic (bsg) driver version 0.4 loaded (major 246)
[    0.551366] io scheduler noop registered
[    0.551896] io scheduler deadline registered
[    0.552476] io scheduler cfq registered (default)
[    0.553294] ACPI: AC Adapter [AC] (on-line)
[    0.553832] input: Power Button as /devices/LNXSYSTM:00/LNXPWRBN:00/input/input0
[    0.554795] ACPI: Power Button [PWRF]
[    0.555281] input: Sleep Button as /devices/LNXSYSTM:00/LNXSLPBN:00/input/input1
[    0.556161] ACPI: Sleep Button [SLPF]
[    0.556813] Serial: 8250/16550 driver, 32 ports, IRQ sharing enabled
[    0.578212] 00:02: ttyS0 at I/O 0x3f8 (irq = 4, base_baud = 115200) is a 16550A
[    0.580956] Linux agpgart interface v0.103
[    0.586275] loop: module loaded
[    0.587021] scsi host0: ata_piix
[    0.587509] scsi host1: ata_piix
[    0.587927] ata1: PATA max UDMA/33 cmd 0x1f0 ctl 0x3f6 bmdma 0xd000 irq 14
[    0.588736] ata2: PATA max UDMA/33 cmd 0x170 ctl 0x376 bmdma 0xd008 irq 15
[    0.589559] tun: Universal TUN/TAP device driver, 1.6
[    0.590204] PPP generic driver version 2.4.2
[    0.590817] ehci_hcd: USB 2.0 'Enhanced' Host Controller (EHCI) Driver
[    0.591568] ehci-pci: EHCI PCI platform driver
[    0.592145] ehci-platform: EHCI generic platform driver
[    0.592792] ohci_hcd: USB 1.1 'Open' Host Controller (OHCI) Driver
[    0.593506] ohci-pci: OHCI PCI platform driver
[    0.594043] ohci-platform: OHCI generic platform driver
[    0.594667] uhci_hcd: USB Universal Host Controller Interface driver
[    0.595452] i8042: PNP: PS/2 Controller [PNP0303:PS2K,PNP0f03:PS2M] at 0x60,0x64 irq 1,12
[    0.596770] serio: i8042 KBD port at 0x60,0x64 irq 1
[    0.597373] serio: i8042 AUX port at 0x60,0x64 irq 12
[    0.598090] mousedev: PS/2 mouse device common for all mice
[    0.599164] input: AT Translated Set 2 keyboard as /devices/platform/i8042/serio0/input/input2
[    0.600309] rtc_cmos rtc_cmos: rtc core: registered rtc_cmos as rtc0
[    0.601066] rtc_cmos rtc_cmos: alarms up to one day, 114 bytes nvram
[    0.601805] i2c /dev entries driver
[    0.602296] device-mapper: uevent: version 1.0.3
[    0.602921] device-mapper: ioctl: 4.37.0-ioctl (2017-09-20) initialised: dm-devel@redhat.com
[    0.603930] ledtrig-cpu: registered to indicate activity on CPUs
[    0.604893] NET: Registered protocol family 10
[    0.607593] Segment Routing with IPv6
[    0.608046] NET: Registered protocol family 17
[    0.608623] Key type dns_resolver registered
[    0.609254] mce: Using 0 MCE banks
[    0.609684] RAS: Correctable Errors collector initialized.
[    0.610332] sched_clock: Marking stable (609235548, 0)->(721844555, -112609007)
[    0.611481] registered taskstats version 1
[    0.612044] Loading compiled-in X.509 certificates
[    0.613907] Loaded X.509 cert 'Build time autogenerated kernel key: 05d3fa630a0ed8a65520e390196b077fd5e65720'
[    0.615436] Loaded X.509 cert 'Canonical Ltd. Live Patch Signing: 14df34d1a87cf37625abec039ef2bf521249b969'
[    0.616990] Loaded X.509 cert 'Canonical Ltd. Kernel Module Signing: 88f752e560a1e0737e31163a466ad7b70a850c19'
[    0.618164] blacklist: Loading compiled-in revocation X.509 certificates
[    0.619005] Loaded X.509 cert 'Canonical Ltd. Secure Boot Signing: 61482aa2830d0ab2ad5af10b7250da9033ddcef0'
[    0.620237] Loaded X.509 cert 'Canonical Ltd. Secure Boot Signing (2017): 242ade75ac4a15e50d50c84b0d45ff3eae707a03'
[    0.621429] Loaded X.509 cert 'Canonical Ltd. Secure Boot Signing (ESM 2018): 365188c1d374d6b07c3c8f240f8ef722433d6a8b'
[    0.622696] Loaded X.509 cert 'Canonical Ltd. Secure Boot Signing (2019): c0746fd6c5da3ae827864651ad66ae47fe24b3e8'
[    0.623923] Loaded X.509 cert 'Canonical Ltd. Secure Boot Signing (2021 v1): a8d54bbb3825cfb94fa13c9f8a594a195c107b8d'
[    0.625195] Loaded X.509 cert 'Canonical Ltd. Secure Boot Signing (2021 v2): 4cf046892d6fd3c9a5b03f98d845f90851dc6a8c'
[    0.626422] Loaded X.509 cert 'Canonical Ltd. Secure Boot Signing (2021 v3): 100437bb6de6e469b581e61cd66bce3ef4ed53af'
[    0.627632] Loaded X.509 cert 'Canonical Ltd. Secure Boot Signing (Ubuntu Core 2019): c1d57b8f6b743f23ee41f4f7ee292f06eecadfb9'
[    0.629003] zswap: loaded using pool lzo/zbud
[    0.631609] Key type big_key registered
[    0.632094] Key type trusted registered
[    0.633603] Key type encrypted registered
[    0.634081] AppArmor: AppArmor sha1 policy hashing enabled
[    0.634715] ima: No TPM chip found, activating TPM-bypass! (rc=-19)
[    0.635421] ima: Allocated hash algorithm: sha1
[    0.635954] evm: HMAC attrs: 0x1
[    0.636522]   Magic number: 3:340:40
[    0.637001] bdi 7:5: hash matches
[    0.637471] rtc_cmos rtc_cmos: setting system clock to 2023-04-05 19:00:55 UTC (1680721255)
[    0.638490] BIOS EDD facility v0.16 2004-Jun-25, 0 devices found
[    0.639168] EDD information not available.
[    0.772752] Freeing unused kernel image memory: 2480K
[    0.788261] Write protecting the kernel read-only data: 20480k
[    0.789357] Freeing unused kernel image memory: 2008K
[    0.790173] Freeing unused kernel image memory: 1820K
[    0.796313] x86/mm: Checked W+X mappings: passed, no W+X pages found.
Loading, please wait...
starting version 237
[    0.837590] e1000: Intel(R) PRO/1000 Network Driver - version 7.3.21-k8-NAPI
[    0.838414] e1000: Copyright (c) 1999-2006 Intel Corporation.
[    0.841577] Fusion MPT base driver 3.04.20
[    0.842075] Copyright (c) 1999-2008 LSI Corporation
[    0.851729] Fusion MPT SPI Host driver 3.04.20
[    0.857421] AVX2 version of gcm_enc/dec engaged.
[    0.858014] AES CTR mode by8 optimization enabled
[    1.052067] input: ImExPS/2 Generic Explorer Mouse as /devices/platform/i8042/serio1/input/input4
[    1.186956] e1000 0000:00:03.0 eth0: (PCI:33MHz:32-bit) 02:59:f1:88:50:de
[    1.187749] e1000 0000:00:03.0 eth0: Intel(R) PRO/1000 Network Connection
[    1.189237] e1000 0000:00:03.0 enp0s3: renamed from eth0
[    1.189242] mptbase: ioc0: Initiating bringup
[    1.604195] ioc0: LSI53C1030 A0: Capabilities={Initiator}
[    4.557230] scsi host2: ioc0: LSI53C1030 A0, FwRev=00000000h, Ports=1, MaxQ=256, IRQ=20
[    6.877894] scsi 2:0:0:0: Direct-Access     VBOX     HARDDISK         1.0  PQ: 0 ANSI: 5
[    6.908283] scsi target2:0:0: Beginning Domain Validation
[    6.909746] scsi target2:0:0: Domain Validation skipping write tests
[    6.910489] scsi target2:0:0: Ending Domain Validation
[    6.911132] scsi target2:0:0: asynchronous
[    6.912029] scsi 2:0:1:0: Direct-Access     VBOX     HARDDISK         1.0  PQ: 0 ANSI: 5
[    6.944249] scsi target2:0:1: Beginning Domain Validation
[    6.945817] scsi target2:0:1: Domain Validation skipping write tests
[    6.946577] scsi target2:0:1: Ending Domain Validation
[    6.947221] scsi target2:0:1: asynchronous
[    6.950532] sd 2:0:0:0: Attached scsi generic sg0 type 0
[    6.950547] sd 2:0:0:0: [sda] 83886080 512-byte logical blocks: (42.9 GB/40.0 GiB)
[    6.952165] sd 2:0:0:0: [sda] Write Protect is off
[    6.952832] sd 2:0:0:0: [sda] Incomplete mode parameter data
[    6.952844] sd 2:0:1:0: Attached scsi generic sg1 type 0
[    6.953566] sd 2:0:0:0: [sda] Assuming drive cache: write through
[    6.954920] sd 2:0:1:0: [sdb] 20480 512-byte logical blocks: (10.5 MB/10.0 MiB)
[    6.955975] sd 2:0:1:0: [sdb] Write Protect is off
[    6.956684] sd 2:0:1:0: [sdb] Incomplete mode parameter data
[    6.957386] sd 2:0:1:0: [sdb] Assuming drive cache: write through
[    6.966368]  sda: sda1
[    6.967002] sd 2:0:0:0: [sda] Attached SCSI disk
[    6.968323] sd 2:0:1:0: [sdb] Attached SCSI disk
Begin: Loading essential drivers ... [    8.288360] raid6: sse2x1   gen() 16265 MB/s
[    8.336175] raid6: sse2x1   xor()  9486 MB/s
[    8.384050] raid6: sse2x2   gen() 20031 MB/s
[    8.432289] raid6: sse2x2   xor() 12682 MB/s
[    8.480423] raid6: sse2x4   gen() 20327 MB/s
[    8.528423] raid6: sse2x4   xor() 12429 MB/s
[    8.576242] raid6: avx2x1   gen() 32301 MB/s
[    8.624504] raid6: avx2x1   xor() 18941 MB/s
[    8.672171] raid6: avx2x2   gen() 37787 MB/s
[    8.720276] raid6: avx2x2   xor() 25130 MB/s
[    8.768275] raid6: avx2x4   gen() 41747 MB/s
[    8.816425] raid6: avx2x4   xor() 22199 MB/s
[    8.816952] raid6: using algorithm avx2x4 gen() 41747 MB/s
[    8.817587] raid6: .... xor() 22199 MB/s, rmw enabled
[    8.818168] raid6: using avx2x2 recovery algorithm
[    8.819726] xor: automatically using best checksumming function   avx       
[    8.821340] async_tx: api initialized (async)
done.
Begin: Running /scripts/init-premount ... done.
Begin: Mounting root file system ... Begin: Running /scripts/local-top ... done.
Begin: Running /scripts/local-premount ... [    8.849860] Btrfs loaded, crc32c=crc32c-intel
Scanning for Btrfs filesystems
done.
Warning: fsck not present, so skipping root file system
[    8.879623] EXT4-fs (sda1): mounted filesystem with ordered data mode. Opts: (null)
done.
Begin: Running /scripts/local-bottom ... done.
Begin: Running /scripts/init-bottom ... done.
[    9.001804] ip_tables: (C) 2000-2006 Netfilter Core Team
[    9.007195] systemd[1]: systemd 237 running in system mode. (+PAM +AUDIT +SELINUX +IMA +APPARMOR +SMACK +SYSVINIT +UTMP +LIBCRYPTSETUP +GCRYPT +GNUTLS +ACL +XZ +LZ4 +SECCOMP +BLKID +ELFUTILS +KMOD -IDN2 +IDN -PCRE2 default-hierarchy=hybrid)
[    9.009626] systemd[1]: Detected virtualization oracle.
[    9.010260] systemd[1]: Detected architecture x86-64.

Welcome to [1mUbuntu 18.04.6 LTS[0m!

[    9.013956] systemd[1]: Set hostname to <ubuntu>.
[    9.015929] systemd[1]: Initializing machine ID from random generator.
[    9.016751] systemd[1]: Installed transient /etc/machine-id file.
[    9.161710] systemd[1]: Created slice System Slice.
[[0;32m  OK  [0m] Created slice System Slice.
[    9.162831] systemd[1]: Listening on LVM2 poll daemon socket.
[[0;32m  OK  [0m] Listening on LVM2 poll daemon socket.
[    9.164200] systemd[1]: Set up automount Arbitrary Executable File Formats File System Automount Point.
[[0;32m  OK  [0m] Set up automount Arbitrary Executabâ€¦rmats File System Automount Point.
[    9.166058] systemd[1]: Reached target User and Group Name Lookups.
[[0;32m  OK  [0m] Reached target User and Group Name Lookups.
[[0;32m  OK  [0m] Listening on udev Kernel Socket.
[[0;32m  OK  [0m] Created slice User and Session Slice.
[[0;32m  OK  [0m] Reached target Swap.
[[0;32m  OK  [0m] Started Forward Password Requests to Wall Directory Watch.
[[0;32m  OK  [0m] Listening on /dev/initctl Compatibility Named Pipe.
[[0;32m  OK  [0m] Listening on Journal Audit Socket.
[[0;32m  OK  [0m] Listening on Journal Socket.
         Starting Set the console keyboard layout...
         Starting Load Kernel Modules...
         Mounting Huge Pages File System...
[[0;32m  OK  [0m] Listening on Device-mapper event daemon FIFOs.
[[0;32m  OK  [0m] Listening on udev Control Socket.
         Starting udev Coldplug all Devices...
         Starting Create list of required stâ€¦ce nodes for the current kernel...
[[0;32m  OK  [0m] Reached target Mounting snaps.
[[0;32m  OK  [0m] Reached target Mounted snaps.
[[0;32m  OK  [0m] Listening on Syslog Socket.
[[0;32m  OK  [0m] Listening on fsck to fsckd communication Socket.
         Starting File System Check on Root Device...
[[0;32m  OK  [0m] Listening on Journal Socket (/dev/log).
         Starting Journal Service...
[[0;32m  OK  [0m] Listening on LVM2 metadata daemon socket.
         Starting Monitoring of LVM2 mirrorsâ€¦ng dmeventd or progress polling...
         Mounting Kernel Debug File System...
[[0;32m  OK  [0m] Reached target System Time Synchronized.
[[0;32m  OK  [0m] Listening on Network Service Netlink Socket.
[[0;32m  OK  [0m] Created slice system-serial\x2dgetty.slice.
         Mounting POSIX Message Queue File System...
         Starting Uncomplicated firewall...
[[0;32m  OK  [0m] Reached target Slices.
[[0;32m  OK  [0m] Started Journal Service.
[[0;32m  OK  [0m] Started Create list of required staâ€¦vice nodes for the current kernel.
[[0;32m  OK  [0m] Started LVM2 metadata daemon.
[[0;32m  OK  [0m] Started File System Check Daemon to report status.[    9.276932] Loading iSCSI transport class v2.0-870.

         Starting Create Static Device Nodes in /dev...
[    9.283079] iscsi: registered transport (tcp)
[[0;32m  OK  [0m] Started udev Coldplug all Devices.
[[0;32m  OK  [0m] Mounted Kernel Debug File System.
[[0;32m  OK  [0m] Mounted Huge Pages File System.
[[0;32m  OK  [0m] Mounted POSIX Message Queue File System.
[[0;32m  OK  [0m] Started Uncomplicated firewall.
[[0;32m  OK  [0m] Started Create Static Device Nodes in /dev.
[[0;32m  OK  [0m] Started File System Check on Root Device.
         Starting Remount Root and Kernel File Systems...
[    9.336246] iscsi: registered transport (iser)
[[0;32m  OK  [0m] Started Load Kernel Modules.
         Starting Apply Kernel Variables...
         Mounting Kernel Configuration File System...
         Mounting FUSE Control File System...
[[0;32m  OK  [0m] Mounted Kernel Configuration File System.
[[0;32m  OK  [0m] Mounted FUSE Control File System.
[[0;32m  OK  [0m] Started Monitoring of LVM2 mirrors,â€¦sing dmeventd or progress polling.
[[0;32m  OK  [0m] Started Remount Root and Kernel File Systems.
         Starting udev Kernel Device Manager...
         Starting Load/Save Random Seed...
         Starting Flush Journal to Persistent Storage...
[[0;32m  OK  [0m] Started Apply Kernel Variables.
[[0;32m  OK  [0m] Started udev Kernel Device Manager.
[[0;32m  OK  [0m] Started Set the console keyboard layout.
[[0;32m  OK  [0m] Started Dispatch Password Requests to Console Directory Watch.
[[0;32m  OK  [0m] Reached target Local Encrypted Volumes.
[[0;32m  OK  [0m] Reached target Local File Systems (Pre).
[[0;32m  OK  [0m] Reached target Local File Systems.
         Starting ebtables ruleset management...
         Starting AppArmor initialization...
         Starting Commit a transient machine-id on disk...
         Starting Tell Plymouth To Write Out Runtime Data...
         Starting Set console font and keymap...
[[0;32m  OK  [0m] Started Load/Save Random Seed.
[[0;32m  OK  [0m] Started Tell Plymouth To Write Out Runtime Data.
[[0;32m  OK  [0m] Started Set console font and keymap.
[[0;32m  OK  [0m] Started Flush Journal to Persistent Storage.
         Starting Create Volatile Files and Directories...
[[0;32m  OK  [0m] Started Commit a transient machine-id on disk.
[[0;32m  OK  [0m] Started Create Volatile Files and Directories.
         Starting Update UTMP about System Boot/Shutdown...
[[0;32m  OK  [0m] Started ebtables ruleset management.
[[0;32m  OK  [0m] Started Update UTMP about System Boot/Shutdown.
[[0;32m  OK  [0m] Found device /dev/ttyS0.
[[0;32m  OK  [0m] Listening on Load/Save RF Kill Switch Status /dev/rfkill Watch.
         Mounting Arbitrary Executable File Formats File System...
[[0;32m  OK  [0m] Mounted Arbitrary Executable File Formats File System.
[[0;32m  OK  [0m] Started AppArmor initialization.
         Starting Load AppArmor profiles managed internally by snapd...
         Starting Initial cloud-init job (pre-networking)...
[[0;32m  OK  [0m] Started Load AppArmor profiles managed internally by snapd.
[   10.889971] cloud-init[583]: Cloud-init v. 23.1.1-0ubuntu0~18.04.1 running 'init-local' at Wed, 05 Apr 2023 19:01:05 +0000. Up 10.67 seconds.
[[0;32m  OK  [0m] Started Initial cloud-init job (pre-networking).
[[0;32m  OK  [0m] Reached target Network (Pre).
         Starting Network Service...
[[0;32m  OK  [0m] Started Network Service.
         Starting Network Name Resolution...
         Starting Wait for Network to be Configured...
[[0;32m  OK  [0m] Started Network Name Resolution.
[[0;32m  OK  [0m] Reached target Host and Network Name Lookups.
[[0;32m  OK  [0m] Reached target Network.
[[0;32m  OK  [0m] Started Wait for Network to be Configured.
         Starting Initial cloud-init job (metadata service crawler)...
[   12.939723] cloud-init[710]: Cloud-init v. 23.1.1-0ubuntu0~18.04.1 running 'init' at Wed, 05 Apr 2023 19:01:07 +0000. Up 12.84 seconds.
[   12.940694] cloud-init[710]: ci-info: ++++++++++++++++++++++++++++++++++++++Net device info++++++++++++++++++++++++++++++++++++++
[   12.941642] cloud-init[710]: ci-info: +--------+------+----------------------------+---------------+--------+-------------------+
[   12.942511] cloud-init[710]: ci-info: | Device |  Up  |          Address           |      Mask     | Scope  |     Hw-Address    |
[   12.943720] cloud-init[710]: ci-info: +--------+------+----------------------------+---------------+--------+-------------------+
[   12.944922] cloud-init[710]: ci-info: | enp0s3 | True |         10.0.2.15          | 255.255.255.0 | global | 02:59:f1:88:50:de |
[   12.945942] cloud-init[710]: ci-info: | enp0s3 | True | fe80::59:f1ff:fe88:50de/64 |       .       |  link  | 02:59:f1:88:50:de |
[   12.946817] cloud-init[710]: ci-info: |   lo   | True |         127.0.0.1          |   255.0.0.0   |  host  |         .         |
[   12.947733] cloud-init[710]: ci-info: |   lo   | True |          ::1/128           |       .       |  host  |         .         |
[   12.948618] cloud-init[710]: ci-info: +--------+------+----------------------------+---------------+--------+-------------------+
[   12.949504] cloud-init[710]: ci-info: ++++++++++++++++++++++++++++Route IPv4 info+++++++++++++++++++++++++++++
[   12.950304] cloud-init[710]: ci-info: +-------+-------------+----------+-----------------+-----------+-------+
[   12.951191] cloud-init[710]: ci-info: | Route | Destination | Gateway  |     Genmask     | Interface | Flags |
[   12.951980] cloud-init[710]: ci-info: +-------+-------------+----------+-----------------+-----------+-------+
[   12.952747] cloud-init[710]: ci-info: |   0   |   0.0.0.0   | 10.0.2.2 |     0.0.0.0     |   enp0s3  |   UG  |
[   12.953504] cloud-init[710]: ci-info: |   1   |   10.0.2.0  | 0.0.0.0  |  255.255.255.0  |   enp0s3  |   U   |
[   12.954270] cloud-init[710]: ci-info: |   2   |   10.0.2.2  | 0.0.0.0  | 255.255.255.255 |   enp0s3  |   UH  |
[   12.964151] cloud-init[710]: ci-info: +-------+-------------+----------+-----------------+-----------+-------+
[   12.964870] cloud-init[710]: ci-info: +++++++++++++++++++Route IPv6 info+++++++++++++++++++
[   12.965578] cloud-init[710]: ci-info: +-------+-------------+---------+-----------+-------+
[   12.966204] cloud-init[710]: ci-info: | Route | Destination | Gateway | Interface | Flags |
[   12.966821] cloud-init[710]: ci-info: +-------+-------------+---------+-----------+-------+
[   12.967467] cloud-init[710]: ci-info: |   1   |  fe80::/64  |    ::   |   enp0s3  |   U   |
[   12.968119] cloud-init[710]: ci-info: |   3   |    local    |    ::   |   enp0s3  |   U   |
[   12.968750] cloud-init[710]: ci-info: |   4   |   ff00::/8  |    ::   |   enp0s3  |   U   |
[   12.969358] cloud-init[710]: ci-info: +-------+-------------+---------+-----------+-------+
[   13.966954] cloud-init[710]: Generating public/private rsa key pair.
[   13.967426] cloud-init[710]: Your identification has been saved in /etc/ssh/ssh_host_rsa_key.
[   13.968102] cloud-init[710]: Your public key has been saved in /etc/ssh/ssh_host_rsa_key.pub.
[   13.968766] cloud-init[710]: The key fingerprint is:
[   13.969172] cloud-init[710]: SHA256:EReClPIm1Itr5BCZdbV7h0tmv/fn7vi8C5zjNxa4Ah0 root@ubuntu-bionic
[   13.969881] cloud-init[710]: The key's randomart image is:
[   13.970372] cloud-init[710]: +---[RSA 2048]----+
[   13.970766] cloud-init[710]: |   +.oo++ o.     |
[   13.971156] cloud-init[710]: |  + o.+  =       |
[   13.971553] cloud-init[710]: |   o + .o        |
[   13.971922] cloud-init[710]: |  . + +  o E     |
[   13.972302] cloud-init[710]: |   + +  S B o .  |
[   13.972681] cloud-init[710]: |    +    * =.... |
[   13.973060] cloud-init[710]: |   .      o .=. .|
[   13.973446] cloud-init[710]: |           ..o+*.|
[   13.973844] cloud-init[710]: |            oo+O%|
[   13.974179] cloud-init[710]: +----[SHA256]-----+
[   13.974542] cloud-init[710]: Generating public/private dsa key pair.
[   13.975041] cloud-init[710]: Your identification has been saved in /etc/ssh/ssh_host_dsa_key.
[   13.975719] cloud-init[710]: Your public key has been saved in /etc/ssh/ssh_host_dsa_key.pub.
[   13.976413] cloud-init[710]: The key fingerprint is:
[   13.976831] cloud-init[710]: SHA256:Yn/jwNW3bBR82B1uW9sIUG3ZwIsIdU9NmrKMaWRlsA8 root@ubuntu-bionic
[   13.977494] cloud-init[710]: The key's randomart image is:
[   13.977942] cloud-init[710]: +---[DSA 1024]----+
[   13.978436] cloud-init[710]: |         .+o=ooB.|
[   13.978923] cloud-init[710]: |        .  * +*==|
[   13.979305] cloud-init[710]: |         .E.ooB+=|
[   13.979702] cloud-init[710]: |         o.B.+o+=|
[   13.980101] cloud-init[710]: |      o S = = +o.|
[   13.980511] cloud-init[710]: |     . + o   + . |
[   13.980909] cloud-init[710]: |        + o   +  |
[   13.981307] cloud-init[710]: |         + . .   |
[   13.981700] cloud-init[710]: |          .      |
[   13.982062] cloud-init[710]: +----[SHA256]-----+
[   13.982458] cloud-init[710]: Generating public/private ecdsa key pair.
[   13.982991] cloud-init[710]: Your identification has been saved in /etc/ssh/ssh_host_ecdsa_key.
[   13.983653] cloud-init[710]: Your public key has been saved in /etc/ssh/ssh_host_ecdsa_key.pub.
[   13.984344] cloud-init[710]: The key fingerprint is:
[   13.984731] cloud-init[710]: SHA256:qfFAsDtbCFqlEtkpyqhWVW4oGtLZQ5czrFmBstqz+7s root@ubuntu-bionic
[   13.985383] cloud-init[710]: The key's randomart image is:
[   13.985827] cloud-init[710]: +---[ECDSA 256]---+
[   13.986189] cloud-init[710]: |.o .+o++         |
[   13.986573] cloud-init[710]: |oo+*.=O          |
[   13.986953] cloud-init[710]: |*o*+==.=         |
[   13.987348] cloud-init[710]: |+=+o+=.  .       |
[   13.987735] cloud-init[710]: |o+. + + S        |
[   14.002089] cloud-init[710]: |o.o  + =         |
[   14.002436] cloud-init[710]: |.  o. . .        |
[   14.002864] cloud-init[710]: |  .              |
[   14.003223] cloud-init[710]: |  .oEo           |
[   14.003635] cloud-init[710]: +----[SHA256]-----+
[   14.004063] cloud-init[710]: Generating public/private ed25519 key pair.
[   14.004542] cloud-init[710]: Your identification has been saved in /etc/ssh/ssh_host_ed25519_key.
[   14.005233] cloud-init[710]: Your public key has been saved in /etc/ssh/ssh_host_ed25519_key.pub.
[   14.005938] cloud-init[710]: The key fingerprint is:
[   14.006342] cloud-init[710]: SHA256:sbqVBVl5NWhATdGPbr/EqpqlWCLf9BL33PIXJ3ldHyg root@ubuntu-bionic
[   14.007032] cloud-init[710]: The key's randomart image is:
[   14.007480] cloud-init[710]: +--[ED25519 256]--+
[   14.007846] cloud-init[710]: |         .+=o=o  |
[   14.008251] cloud-init[710]: |         o. = .. |
[   14.008632] cloud-init[710]: |        +  o  .o |
[   14.009030] cloud-init[710]: |         + E ...o|
[   14.009427] cloud-init[710]: |        S . .. .=|
[   14.009818] cloud-init[710]: |       . + .  *.=|
[   14.010210] cloud-init[710]: |     ...ooo.o..*o|
[   14.010592] cloud-init[710]: |      oo*.=  +o.o|
[   14.010981] cloud-init[710]: |      .o =oo..ooo|
[   14.011379] cloud-init[710]: +----[SHA256]-----+
[[0;32m  OK  [0m] Started Initial cloud-init job (metadata service crawler).
[[0;32m  OK  [0m] Reached target Cloud-config availability.
[[0;32m  OK  [0m] Reached target System Initialization.
[[0;32m  OK  [0m] Listening on cloud-init hotplug hook socket.
         Starting LXD - unix socket.
[[0;32m  OK  [0m] Listening on D-Bus System Message Bus Socket.
[[0;32m  OK  [0m] Listening on UUID daemon activation socket.
[[0;32m  OK  [0m] Listening on ACPID Listen Socket.
         Starting Socket activation for snappy daemon.
[[0;32m  OK  [0m] Started Ubuntu Advantage Timer for running repeated jobs.
[[0;32m  OK  [0m] Started Daily apt download activities.
[[0;32m  OK  [0m] Started Daily apt upgrade and clean activities.
[[0;32m  OK  [0m] Started ACPI Events Check.
[[0;32m  OK  [0m] Reached target Paths.
[[0;32m  OK  [0m] Listening on Open-iSCSI iscsid Socket.
[[0;32m  OK  [0m] Started Message of the Day.
[[0;32m  OK  [0m] Started Daily Cleanup of Temporary Directories.
[[0;32m  OK  [0m] Started Discard unused blocks once a week.
[[0;32m  OK  [0m] Reached target Timers.
[[0;32m  OK  [0m] Reached target Network is Online.
         Starting Availability of block devices...
[[0;32m  OK  [0m] Reached target Remote File Systems (Pre).
[[0;32m  OK  [0m] Reached target Remote File Systems.
[[0;32m  OK  [0m] Listening on LXD - unix socket.
[[0;32m  OK  [0m] Listening on Socket activation for snappy daemon.
[[0;32m  OK  [0m] Reached target Sockets.
[[0;32m  OK  [0m] Reached target Basic System.
[[0;32m  OK  [0m] Started Deferred execution scheduler.
         Starting System Logging Service...
[[0;32m  OK  [0m] Started D-Bus System Message Bus.
         Starting Pollinate to seed the pseudo random number generator...
         Starting LSB: automatic crash report generation...
         Starting Virtualbox guest utils...
[[0;32m  OK  [0m] Reached target Login Prompts (Pre).
         Starting Permit User Sessions...
         Starting Login Service...
         Starting Dispatcher daemon for systemd-networkd...
         Starting Accounts Service...
[[0;32m  OK  [0m] Started irqbalance daemon.
         Starting LSB: Record successful boot for GRUB...
[[0;32m  OK  [0m] Started Regular background program processing daemon.
[[0;32m  OK  [0m] Started FUSE filesystem for LXC.
         Starting Snap Daemon...
         Starting LXD - container startup/shutdown...
[[0;32m  OK  [0m] Started System Logging Service.
[[0;32m  OK  [0m] Started Availability of block devices.
[[0;32m  OK  [0m] Started Permit User Sessions.
[[0;32m  OK  [0m] Started Login Service.
[[0;32m  OK  [0m] Started Unattended Upgrades Shutdown.
         Starting Terminate Plymouth Boot Screen...
         Starting Hold until boot process finishes up...
[[0;32m  OK  [0m] Started Hold until boot process finishes up.
[[0;32m  OK  [0m] Started Serial Getty on ttyS0.
         Starting Set console scheme...
[[0;32m  OK  [0m] Started Terminate Plymouth Boot Screen.
[[0;32m  OK  [0m] Started Set console scheme.
[[0;32m  OK  [0m] Created slice system-getty.slice.
[[0;32m  OK  [0m] Started Getty on tty1.
[[0;32m  OK  [0m] Reached target Login Prompts.
[[0;32m  OK  [0m] Started LSB: automatic crash report generation.
         Starting Authorization Manager...
[[0;32m  OK  [0m] Started Virtualbox guest utils.
[[0;32m  OK  [0m] Started LSB: Record successful boot for GRUB.
[[0;32m  OK  [0m] Started Authorization Manager.
[[0;32m  OK  [0m] Started Accounts Service.
[[0;32m  OK  [0m] Started LXD - container startup/shutdown.
[[0;32m  OK  [0m] Started Dispatcher daemon for systemd-networkd.
[[0;32m  OK  [0m] Started Snap Daemon.
         Starting Wait until snapd is fully seeded...
         Starting Time & Date Service...
[[0;32m  OK  [0m] Started Time & Date Service.
[[0;32m  OK  [0m] Started Pollinate to seed the pseudo random number generator.
         Starting OpenBSD Secure Shell server...
[[0;32m  OK  [0m] Started OpenBSD Secure Shell server.
[[0;32m  OK  [0m] Created slice User Slice of vagrant.
         Starting User Manager for UID 1000...
[[0;32m  OK  [0m] Started Session 1 of user vagrant.
[[0;32m  OK  [0m] Started User Manager for UID 1000.
[[0;32m  OK  [0m] Started Wait until snapd is fully seeded.
         Starting Apply the settings specified in cloud-config...
[   17.375418] cloud-init[1351]: Cloud-init v. 23.1.1-0ubuntu0~18.04.1 running 'modules:config' at Wed, 05 Apr 2023 19:01:11 +0000. Up 17.09 seconds.
[[0;32m  OK  [0m] Started Apply the settings specified in cloud-config.
[[0;32m  OK  [0m] Reached target Multi-User System.
[[0;32m  OK  [0m] Reached target Graphical Interface.
         Starting Update UTMP about System Runlevel Changes...
         Starting Execute cloud user/final scripts...
[[0;32m  OK  [0m] Started Update UTMP about System Runlevel Changes.
ci-info: no authorized SSH keys fingerprints found for user ubuntu.
<14>Apr  5 19:01:12 cloud-init: #############################################################
<14>Apr  5 19:01:12 cloud-init: -----BEGIN SSH HOST KEY FINGERPRINTS-----
<14>Apr  5 19:01:12 cloud-init: 1024 SHA256:Yn/jwNW3bBR82B1uW9sIUG3ZwIsIdU9NmrKMaWRlsA8 root@ubuntu-bionic (DSA)
<14>Apr  5 19:01:12 cloud-init: 256 SHA256:qfFAsDtbCFqlEtkpyqhWVW4oGtLZQ5czrFmBstqz+7s root@ubuntu-bionic (ECDSA)
<14>Apr  5 19:01:12 cloud-init: 256 SHA256:sbqVBVl5NWhATdGPbr/EqpqlWCLf9BL33PIXJ3ldHyg root@ubuntu-bionic (ED25519)
<14>Apr  5 19:01:12 cloud-init: 2048 SHA256:EReClPIm1Itr5BCZdbV7h0tmv/fn7vi8C5zjNxa4Ah0 root@ubuntu-bionic (RSA)
<14>Apr  5 19:01:12 cloud-init: -----END SSH HOST KEY FINGERPRINTS-----
<14>Apr  5 19:01:12 cloud-init: #############################################################
-----BEGIN SSH HOST KEY KEYS-----
ecdsa-sha2-nistp256 AAAAE2VjZHNhLXNoYTItbmlzdHAyNTYAAAAIbmlzdHAyNTYAAABBBMhBHNB0l0ZzXiFuIsajTyBXRMdtQpvz32lXmAy2/yfSFG3saxTENM5EOU3vmv4qTmZdOz03/+VdQjngwq/q8xY= root@ubuntu-bionic
ssh-ed25519 AAAAC3NzaC1lZDI1NTE5AAAAICNq0DvfUl0UTftAC93hcBMrV7y3IXcXdqTuiTbMeymF root@ubuntu-bionic
ssh-rsa AAAAB3NzaC1yc2EAAAADAQABAAABAQCnvbibrzm6AGiHIGpDDLsKm+9CyS5S0LQ+hfKAwGvA56pUifGShEHt4I9OpDT5tkqeTq1YOgbPadmoNBF7zIaN3b/egbCW75w58o1vhJHX04yEQLXsZ2NILskD3xP5My1vuC13ItQLzXZh2VV5SzQzmaYsocjFZMeEQiVv5UPWexqvSs8YGc+61yeQyeuNIW4JBk7GwBOgWe0b/Ns3WZzSXduPLE8bVR1FZDs67jZBkvC8gxYeEbcyPzy99YZc/oLOQqqqADPJDTv2aFmnLgvHVYDgr0i/vrTjrANWXYj8oTBzGyTkur0PhhfbSjbcwp8yn+FxiFfy1lqsUChSTWV7 root@ubuntu-bionic
-----END SSH HOST KEY KEYS-----
[   17.811196] cloud-init[1455]: Cloud-init v. 23.1.1-0ubuntu0~18.04.1 running 'modules:final' at Wed, 05 Apr 2023 19:01:12 +0000. Up 17.69 seconds.
[   17.812127] cloud-init[1455]: Cloud-init v. 23.1.1-0ubuntu0~18.04.1 finished at Wed, 05 Apr 2023 19:01:12 +0000. Datasource DataSourceNoCloud [seed=/dev/sdb][dsmode=net].  Up 17.80 seconds
[[0;32m  OK  [0m] Started Execute cloud user/final scripts.
[[0;32m  OK  [0m] Reached target Cloud-init target.

Ubuntu 18.04.6 LTS ubuntu-bionic ttyS0

ubuntu-bionic login: 